// Jest Snapshot v1, https://goo.gl/fbAQLP

exports[`App component renders App 1`] = `
<DocumentFragment>
  <label
    for="article-search"
  >
    Search Articles
  </label>
  <input
    id="article-search"
    type="text"
    value=""
  />
  <ul
    data-testid="articles"
  />
</DocumentFragment>
`;
